=== 测试政府网站设计系统生成 ===

输入参数:
{
  "product_type": "Government",
  "description": "政府类网站，需要权威、可信、易用的设计风格，面向公众提供政务服务。注重信息层级清晰、无障碍访问、符合政府形象规范。",
  "stack": "html",
  "target_audience": "普通市民、企业、政府公务员",
  "keywords": "professional, authoritative, trustworthy, accessible, formal, clear"
}

开始生成设计系统...

=== 生成结果 ===

✅ 设计系统已生成完成

**产品类型**: Government
**技术栈**: html

---

+------------------------------------------------------------------------------------------+
|  TARGET: Government - RECOMMENDED DESIGN SYSTEM                                          |
+------------------------------------------------------------------------------------------+
|                                                                                          |
|  PATTERN: Hero + Features + CTA                                                          |
|     Conversion:                                                                          |
|     CTA: Above fold                                                                      |
|     Sections:                                                                            |
|       1. Hero                                                                            |
|       2. Features                                                                        |
|       3. CTA                                                                             |
|                                                                                          |
|  STYLE: Exaggerated Minimalism                                                           |
|     Keywords: Bold minimalism, oversized typography, high contrast, negative space,      |
|     loud minimal, statement design                                                       |
|     Best For: Fashion, architecture, portfolios                                          |
|     Performance: ⚡ Excellent | Accessibility: ✓ WCAG AA                                  |
|                                                                                          |
|  COLORS:                                                                                 |
|     Primary:    #0F172A                                                                  |
|     Secondary:  #334155                                                                  |
|     CTA:        #0369A1                                                                  |
|     Background: #F8FAFC                                                                  |
|     Text:       #020617                                                                  |
|     Notes: High contrast navy + blue                                                     |
|                                                                                          |
|  TYPOGRAPHY: Lexend / Source Sans 3                                                      |
|     Mood: corporate, trustworthy, accessible, readable, professional, clean              |
|     Best For: Enterprise, government, healthcare                                         |
|     Google Fonts: https://fonts.google.com/share?selection.family=Lexend:wg...           |
|                                                                                          |
|  KEY EFFECTS:                                                                            |
|     Subtle shadows + 200-300ms + Gentle hover states                                     |
|                                                                                          |
|  AVOID (Anti-patterns):                                                                  |
|                                                                                          |
|  PRE-DELIVERY CHECKLIST:                                                                 |
|     [ ] No emojis as icons (use SVG: Heroicons/Lucide)                                   |
|     [ ] cursor-pointer on all clickable elements                                         |
|     [ ] Hover states with smooth transitions (200-300ms)                                 |
|     [ ] Light mode: text contrast 4.5:1 minimum                                          |
|     [ ] Focus states visible for keyboard nav                                            |
|     [ ] prefers-reduced-motion respected                                                 |
|     [ ] Responsive: 375px, 768px, 1024px, 1440px                                         |
|                                                                                          |
+------------------------------------------------------------------------------------------+

---

## 📦 生成的文档模板

以下是为您生成的完整设计系统文档。您可以选择将这些内容保存到文件中：

### 建议的文件结构

```
docs/
├── design-system.md          # 主文档（包含 ASCII Box 设计推荐）
├── design-system.json        # JSON 配置（供程序读取）
└── design-guidelines/        # 详细设计指南
    ├── README.md             # 文档索引
    ├── 01-principles.md      # 设计原则
    ├── 02-interaction.md     # 交互规范
    ├── 03-layout.md          # 布局规范
    └── 04-config.md          # 技术配置
```

---

### 📄 docs/design-system.md

```markdown
# 设计系统 - Government

> AI 智能设计推荐系统

## 📋 产品信息

**产品类型**: Government  
**技术栈**: html  
**目标用户**: 普通市民、企业、政府公务员  
**版本**: 1.0.0  
**更新时间**: 2026-01-25

---

## 🎨 AI 设计推荐（核心）

以下是基于产品类型和目标用户的智能设计推荐：

```
+------------------------------------------------------------------------------------------+
|  TARGET: Government - RECOMMENDED DESIGN SYSTEM                                          |
+------------------------------------------------------------------------------------------+
|                                                                                          |
|  PATTERN: Hero + Features + CTA                                                          |
|     Conversion:                                                                          |
|     CTA: Above fold                                                                      |
|     Sections:                                                                            |
|       1. Hero                                                                            |
|       2. Features                                                                        |
|       3. CTA                                                                             |
|                                                                                          |
|  STYLE: Exaggerated Minimalism                                                           |
|     Keywords: Bold minimalism, oversized typography, high contrast, negative space,      |
|     loud minimal, statement design                                                       |
|     Best For: Fashion, architecture, portfolios                                          |
|     Performance: ⚡ Excellent | Accessibility: ✓ WCAG AA                                  |
|                                                                                          |
|  COLORS:                                                                                 |
|     Primary:    #0F172A                                                                  |
|     Secondary:  #334155                                                                  |
|     CTA:        #0369A1                                                                  |
|     Background: #F8FAFC                                                                  |
|     Text:       #020617                                                                  |
|     Notes: High contrast navy + blue                                                     |
|                                                                                          |
|  TYPOGRAPHY: Lexend / Source Sans 3                                                      |
|     Mood: corporate, trustworthy, accessible, readable, professional, clean              |
|     Best For: Enterprise, government, healthcare                                         |
|     Google Fonts: https://fonts.google.com/share?selection.family=Lexend:wg...           |
|                                                                                          |
|  KEY EFFECTS:                                                                            |
|     Subtle shadows + 200-300ms + Gentle hover states                                     |
|                                                                                          |
|  AVOID (Anti-patterns):                                                                  |
|                                                                                          |
|  PRE-DELIVERY CHECKLIST:                                                                 |
|     [ ] No emojis as icons (use SVG: Heroicons/Lucide)                                   |
|     [ ] cursor-pointer on all clickable elements                                         |
|     [ ] Hover states with smooth transitions (200-300ms)                                 |
|     [ ] Light mode: text contrast 4.5:1 minimum                                          |
|     [ ] Focus states visible for keyboard nav                                            |
|     [ ] prefers-reduced-motion respected                                                 |
|     [ ] Responsive: 375px, 768px, 1024px, 1440px                                         |
|                                                                                          |
+------------------------------------------------------------------------------------------+
```

---

## 📚 详细设计规范文档

基于上述 AI 推荐，我们生成了以下详细规范文档：

### 核心规范
1. **[设计原则](./design-guidelines/01-principles.md)** 📖
   - 核心原则：一致性、反馈、效率、容错性
   - 设计价值观：简洁、专业、友好
   - 应用指南：颜色、字体、间距使用规范

2. **[交互规范](./design-guidelines/02-interaction.md)** 🖱️
   - 交互模式：按钮、表单、反馈、导航
   - 动效规范：过渡动画、微交互、加载动画
   - 响应式交互：触摸设备、键盘导航

3. **[布局规范](./design-guidelines/03-layout.md)** 📐
   - 栅格系统：12 列栅格、响应式断点
   - 页面布局：顶部导航、侧边导航、仪表盘
   - 组件布局：卡片、表单、列表、表格
   - 间距系统：组件内、组件间、页面间距

4. **[技术配置](./design-guidelines/04-config.md)** ⚙️
   - Tailwind CSS 配置
   - CSS Variables 配置
   - React/Vue Theme Provider
   - TypeScript 类型定义

### 数据文件
5. **[design-system.json](./design-system.json)** 📄
   - 机器可读的规范数据
   - 包含精确的颜色、字体、间距数值
   - 供代码生成工具使用

---

## 🚀 快速开始

### 第1步：理解 AI 设计推荐
查看上方的 ASCII Box 格式推荐，了解：
- 推荐的落地页模式（Pattern）
- UI 风格定位（Style）
- 配色方案（Colors）
- 字体配对（Typography）
- 关键效果（Effects）
- 需要避免的反模式（Anti-patterns）
- 交付前检查清单（Checklist）

### 第2步：查看详细规范
\`\`\`bash
# 阅读设计原则
cat docs/design-guidelines/01-principles.md

# 阅读交互规范
cat docs/design-guidelines/02-interaction.md

# 查看技术配置代码
cat docs/design-guidelines/04-config.md
\`\`\`

### 第3步：生成 UI 组件
\`\`\`bash
# 一键生成页面，自动应用设计规范
start_ui "登录页面"
start_ui "用户列表"
start_ui "设置页面"
\`\`\`

---

## 💡 使用建议

### 团队协作
- **设计师**: 参考 AI 推荐的风格、配色、字体
- **前端开发**: 使用技术配置和布局规范
- **产品经理**: 参考落地页模式和交互规范

### 项目维护
1. **版本控制**: 将所有文档纳入 Git
2. **定期更新**: 根据项目演进更新规范
3. **团队培训**: 确保团队成员理解 AI 推荐的设计理念

---

## 📖 文档说明

### 为什么有两种格式？

**design-system.md（本文件）**:
- 🎨 包含 AI 智能设计推荐（ASCII Box 格式）
- 📖 设计索引文档
- 🎯 提供设计理念和使用指南
- 🔗 引用详细规范文档
- 👥 面向团队成员阅读

**design-system.json**:
- 📄 机器可读的规范数据
- 🎨 包含精确的颜色、字体、间距数值
- 🤖 供代码生成工具使用
- ⚙️ 确保代码生成的准确性

**配合使用**: AI 既理解设计意图（从 .md 的 ASCII Box），又能准确应用规范（从 .json）

---

## ⚠️ 重要提示

在使用 \`start_ui\` 或 \`render_ui\` 生成代码时，AI 会：

1. **读取本文件** - 理解 AI 推荐的设计理念（ASCII Box）
2. **读取详细规范** - 查看具体的设计规则
3. **读取 JSON 数据** - 获取精确的数值
4. **生成代码** - 自动应用所有规范

**结果**: 生成的代码完全符合 AI 推荐的设计规范，样式统一 ✨

---

**提示**: 这是一套基于 AI 推理的完整设计规范，确保项目在任何地方都有统一的标准！

```

---

### 📄 docs/design-system.json

```json
{
  "version": "1.0.0",
  "productType": "Government",
  "stack": "html",
  "colors": {
    "primary": {
      "50": "#0F172A",
      "100": "#0F172A",
      "200": "#0F172A",
      "300": "#0F172A",
      "400": "#0F172A",
      "500": "#0F172A",
      "600": "#0F172A",
      "700": "#0F172A",
      "800": "#0F172A",
      "900": "#0F172A"
    },
    "secondary": {
      "50": "#334155",
      "100": "#334155",
      "200": "#334155",
      "300": "#334155",
      "400": "#334155",
      "500": "#334155",
      "600": "#334155",
      "700": "#334155",
      "800": "#334155",
      "900": "#334155"
    },
    "neutral": {
      "50": "#020617",
      "100": "#020617",
      "200": "#020617",
      "300": "#020617",
      "400": "#020617",
      "500": "#020617",
      "600": "#020617",
      "700": "#020617",
      "800": "#020617",
      "900": "#020617"
    },
    "success": {
      "50": "#10b981",
      "100": "#10b981",
      "200": "#10b981",
      "300": "#10b981",
      "400": "#10b981",
      "500": "#10b981",
      "600": "#10b981",
      "700": "#10b981",
      "800": "#10b981",
      "900": "#10b981"
    },
    "warning": {
      "50": "#f59e0b",
      "100": "#f59e0b",
      "200": "#f59e0b",
      "300": "#f59e0b",
      "400": "#f59e0b",
      "500": "#f59e0b",
      "600": "#f59e0b",
      "700": "#f59e0b",
      "800": "#f59e0b",
      "900": "#f59e0b"
    },
    "error": {
      "50": "#ef4444",
      "100": "#ef4444",
      "200": "#ef4444",
      "300": "#ef4444",
      "400": "#ef4444",
      "500": "#ef4444",
      "600": "#ef4444",
      "700": "#ef4444",
      "800": "#ef4444",
      "900": "#ef4444"
    }
  },
  "typography": {
    "fontFamily": {
      "sans": [
        "Lexend"
      ],
      "serif": [
        "Source Sans 3"
      ],
      "mono": [
        "Fira Code",
        "Consolas",
        "monospace"
      ]
    },
    "fontSize": {
      "xs": "0.75rem",
      "sm": "0.875rem",
      "base": "1rem",
      "lg": "1.125rem",
      "xl": "1.25rem",
      "2xl": "1.5rem",
      "3xl": "1.875rem",
      "4xl": "2.25rem",
      "5xl": "3rem"
    },
    "fontWeight": {
      "light": 300,
      "normal": 400,
      "medium": 500,
      "semibold": 600,
      "bold": 700,
      "extrabold": 800
    },
    "lineHeight": {
      "none": "1",
      "tight": "1.25",
      "snug": "1.375",
      "normal": "1.5",
      "relaxed": "1.625",
      "loose": "2"
    }
  },
  "spacing": {
    "base": 4,
    "scale": [
      0,
      4,
      8,
      12,
      16,
      20,
      24,
      32,
      40,
      48,
      64,
      80,
      96,
      128
    ]
  },
  "borderRadius": {
    "none": "0",
    "sm": "0.125rem",
    "md": "0.375rem",
    "lg": "0.5rem",
    "xl": "0.75rem",
    "2xl": "1rem",
    "full": "9999px"
  },
  "shadows": {
    "sm": "0 1px 2px 0 rgb(0 0 0 / 0.05)",
    "md": "0 4px 6px -1px rgb(0 0 0 / 0.1)",
    "lg": "0 10px 15px -3px rgb(0 0 0 / 0.1)",
    "xl": "0 20px 25px -5px rgb(0 0 0 / 0.1)",
    "2xl": "0 25px 50px -12px rgb(0 0 0 / 0.25)"
  },
  "breakpoints": {
    "sm": "640px",
    "md": "768px",
    "lg": "1024px",
    "xl": "1280px",
    "2xl": "1536px"
  },
  "zIndex": {
    "dropdown": 1000,
    "sticky": 1020,
    "fixed": 1030,
    "modalBackdrop": 1040,
    "modal": 1050,
    "popover": 1060,
    "tooltip": 1070
  }
}
```

---

### 📄 docs/design-guidelines/README.md

```markdown
# 设计规范文档

> Government 产品的完整设计规范

## 📚 文档目录

### 1. [设计原则](./01-principles.md)
设计的核心原则、价值观和应用指南

### 2. [交互规范](./02-interaction.md)
统一的交互模式和动效规范

### 3. [布局规范](./03-layout.md)
页面结构、栅格系统和响应式布局

### 4. [技术配置](./04-config.md)
html 项目的设计系统配置代码

---

## 🎨 快速开始

### 第1步：查看设计系统
```bash
cat docs/design-system.md
```

### 第2步：阅读设计规范
```bash
cat docs/design-guidelines/01-principles.md
cat docs/design-guidelines/02-interaction.md
cat docs/design-guidelines/03-layout.md
```

### 第3步：应用技术配置
```bash
cat docs/design-guidelines/04-config.md
```

### 第4步：生成 UI 组件
```bash
start_ui "登录页面"
start_ui "用户列表"
```

---

**版本**: 1.0.0  
**更新时间**: 2026-01-25  
**产品类型**: Government  
**技术栈**: html

```

---

### 📄 docs/design-guidelines/01-principles.md

```markdown
# 设计原则

> 基于 Government 产品类型的设计原则

## 核心原则

### 1. 一致性（Consistency）
- **视觉一致性**: 所有页面使用统一的颜色、字体、间距
- **交互一致性**: 相同的操作产生相同的结果
- **语言一致性**: 统一的文案风格和术语

### 2. 反馈（Feedback）
- **即时反馈**: 用户操作后立即给予视觉反馈
- **状态反馈**: 清晰展示系统当前状态（加载、成功、失败）
- **进度反馈**: 长时间操作显示进度条

### 3. 效率（Efficiency）
- **减少步骤**: 最少的点击完成任务
- **智能默认**: 提供合理的默认值
- **快捷操作**: 支持键盘快捷键

### 4. 容错性（Error Prevention）
- **防止错误**: 通过设计避免用户犯错
- **二次确认**: 危险操作需要确认
- **可撤销**: 支持撤销和恢复

## 设计价值观

### 简洁（Simplicity）
- 去除不必要的装饰
- 突出核心功能
- 清晰的信息层级

### 专业（Professional）
- 精致的视觉设计
- 可靠的交互体验
- 高质量的内容

### 友好（Friendly）
- 易于理解的界面
- 温暖的视觉风格
- 人性化的提示

## 应用指南

### 颜色使用
- **主色**: 用于主要操作、重要信息
- **辅色**: 用于次要操作、辅助信息
- **中性色**: 用于文本、边框、背景
- **语义色**: 成功（绿）、警告（黄）、错误（红）

### 字体使用
- **标题**: 使用 Lexend 字体
- **正文**: 使用 Source Sans 3 字体
- **代码**: 使用等宽字体

### 间距使用
- **基础单位**: 4px
- **组件内间距**: 8px, 12px, 16px
- **组件间间距**: 16px, 24px, 32px
- **区块间间距**: 32px, 48px, 64px

---

**版本**: 1.0.0  
**更新时间**: 2026-01-25

```

---

### 📄 docs/design-guidelines/02-interaction.md

```markdown
# 交互规范

> 统一的交互模式和动效规范

## 交互模式

### 1. 按钮交互

#### 主按钮（Primary Button）
- **默认状态**: 主色背景，白色文字
- **悬停状态**: 背景加深 10%
- **按下状态**: 背景加深 20%
- **禁用状态**: 50% 透明度，禁止点击
- **加载状态**: 显示加载图标，禁止点击

#### 次要按钮（Secondary Button）
- **默认状态**: 辅色背景，白色文字
- **悬停状态**: 背景加深 10%
- **按下状态**: 背景加深 20%

#### 边框按钮（Outline Button）
- **默认状态**: 透明背景，主色边框和文字
- **悬停状态**: 主色背景 10% 透明度
- **按下状态**: 主色背景 20% 透明度

### 2. 表单交互

#### 输入框（Input）
- **默认状态**: 中性色边框
- **聚焦状态**: 主色边框，显示阴影
- **错误状态**: 错误色边框，显示错误提示
- **禁用状态**: 灰色背景，禁止输入

#### 下拉框（Select）
- **默认状态**: 显示占位符或当前值
- **展开状态**: 显示选项列表，高亮当前项
- **悬停状态**: 高亮悬停项
- **选中状态**: 更新显示值，收起列表

#### 复选框（Checkbox）
- **未选中**: 空心方框
- **选中**: 实心方框，显示勾选图标
- **半选中**: 实心方框，显示横线图标（用于树形结构）

### 3. 反馈交互

#### 提示信息（Toast）
- **位置**: 屏幕顶部居中或右上角
- **显示时长**: 3-5 秒自动消失
- **类型**: 成功、警告、错误、信息
- **交互**: 可手动关闭

#### 对话框（Modal）
- **遮罩**: 半透明黑色背景
- **位置**: 屏幕居中
- **关闭**: 点击遮罩、关闭按钮、ESC 键
- **焦点**: 自动聚焦到第一个输入框

#### 加载状态（Loading）
- **全局加载**: 遮罩 + 加载图标
- **局部加载**: 组件内显示加载图标
- **骨架屏**: 用于列表和卡片加载

### 4. 导航交互

#### 顶部导航
- **当前页**: 高亮显示
- **悬停**: 显示下划线或背景色
- **点击**: 跳转到对应页面

#### 侧边导航
- **展开/收起**: 点击图标切换
- **当前页**: 高亮显示，显示指示器
- **子菜单**: 点击展开/收起

## 动效规范

### 1. 过渡动画

#### 淡入淡出（Fade）
- **时长**: 200ms
- **缓动**: ease-in-out
- **用途**: 元素显示/隐藏

#### 滑动（Slide）
- **时长**: 300ms
- **缓动**: ease-out
- **用途**: 抽屉、下拉菜单

#### 缩放（Scale）
- **时长**: 200ms
- **缓动**: ease-out
- **用途**: 对话框、提示框

### 2. 微交互

#### 按钮点击
- **效果**: 轻微缩小（scale: 0.98）
- **时长**: 100ms
- **缓动**: ease-in-out

#### 卡片悬停
- **效果**: 阴影加深，轻微上移
- **时长**: 200ms
- **缓动**: ease-out

#### 输入框聚焦
- **效果**: 边框颜色变化，显示阴影
- **时长**: 150ms
- **缓动**: ease-out

### 3. 加载动画

#### 旋转加载器
- **速度**: 1 秒/圈
- **缓动**: linear
- **颜色**: 主色

#### 进度条
- **速度**: 根据实际进度
- **缓动**: ease-out
- **颜色**: 主色

## 响应式交互

### 触摸设备
- **点击区域**: 最小 44x44px
- **手势**: 支持滑动、捏合缩放
- **反馈**: 触摸高亮效果

### 键盘导航
- **Tab**: 焦点切换
- **Enter**: 确认操作
- **ESC**: 取消/关闭
- **方向键**: 列表导航

---

**版本**: 1.0.0  
**更新时间**: 2026-01-25

```

---

### 📄 docs/design-guidelines/03-layout.md

```markdown
# 布局规范

> 页面结构和栅格系统

## 栅格系统

### 基础栅格
- **列数**: 12 列
- **间距**: 16px（移动端）、24px（桌面端）
- **最大宽度**: 1280px
- **边距**: 16px（移动端）、24px（桌面端）

### 响应式断点
```
sm:  640px   // 小屏幕（手机横屏）
md:  768px   // 中等屏幕（平板）
lg:  1024px  // 大屏幕（笔记本）
xl:  1280px  // 超大屏幕（桌面）
2xl: 1536px  // 超超大屏幕（大显示器）
```

## 页面布局

### 1. 顶部导航布局
```
┌─────────────────────────────────────┐
│  Logo    导航菜单         用户信息  │ ← 64px 高度
├─────────────────────────────────────┤
│                                     │
│          主内容区域                 │
│                                     │
└─────────────────────────────────────┘
```

### 2. 侧边导航布局
```
┌──────┬──────────────────────────────┐
│      │  顶部栏（面包屑、操作）      │
│ 侧边 ├──────────────────────────────┤
│ 导航 │                              │
│      │       主内容区域             │
│ 240px│                              │
│      │                              │
└──────┴──────────────────────────────┘
```

### 3. 仪表盘布局
```
┌─────────────────────────────────────┐
│  顶部导航栏                         │
├─────────────────────────────────────┤
│  ┌─────────┐ ┌─────────┐ ┌────────┐│
│  │ 卡片 1  │ │ 卡片 2  │ │ 卡片 3 ││
│  └─────────┘ └─────────┘ └────────┘│
│  ┌──────────────────────────────┐  │
│  │        图表区域              │  │
│  └──────────────────────────────┘  │
└─────────────────────────────────────┘
```

## 组件布局

### 1. 卡片（Card）
- **内边距**: 16px（小）、24px（中）、32px（大）
- **圆角**: 8px
- **阴影**: 0 2px 8px rgba(0,0,0,0.1)
- **间距**: 卡片之间 16px

### 2. 表单（Form）
- **标签宽度**: 120px（左对齐）或 100%（上对齐）
- **输入框宽度**: 100%（移动端）、固定宽度（桌面端）
- **字段间距**: 16px
- **按钮组**: 右对齐，间距 8px

### 3. 列表（List）
- **行高**: 48px（单行）、64px（双行）
- **分隔线**: 1px 中性色
- **悬停**: 背景色变化
- **选中**: 主色背景 10% 透明度

### 4. 表格（Table）
- **表头高度**: 48px
- **行高**: 56px
- **单元格内边距**: 12px 16px
- **边框**: 1px 中性色

## 间距系统

### 组件内间距
- **xs**: 4px  - 图标与文字
- **sm**: 8px  - 按钮内边距
- **md**: 12px - 输入框内边距
- **lg**: 16px - 卡片内边距

### 组件间间距
- **sm**: 8px  - 按钮组
- **md**: 16px - 表单字段
- **lg**: 24px - 卡片之间
- **xl**: 32px - 区块之间

### 页面间距
- **顶部**: 24px
- **底部**: 48px
- **左右**: 16px（移动端）、24px（桌面端）

## 响应式布局

### 移动端（< 768px）
- **单列布局**: 所有内容堆叠
- **侧边导航**: 收起为抽屉
- **表格**: 转换为卡片列表
- **字体**: 缩小 10%

### 平板端（768px - 1024px）
- **双列布局**: 部分内容并排
- **侧边导航**: 可选展开/收起
- **表格**: 保持表格形式
- **字体**: 标准大小

### 桌面端（> 1024px）
- **多列布局**: 充分利用空间
- **侧边导航**: 默认展开
- **表格**: 完整显示
- **字体**: 标准大小

---

**版本**: 1.0.0  
**更新时间**: 2026-01-25

```

---

### 📄 docs/design-guidelines/04-config.md

```markdown
# 技术配置

> html 项目的设计系统配置

## Tailwind CSS 配置

```javascript
// tailwind.config.js
module.exports = {
  content: [
    './src/**/*.{js,jsx,ts,tsx}',
  ],
  theme: {
    extend: {
      colors: {
        primary: {
          "50": "#0F172A",
          "100": "#0F172A",
          "200": "#0F172A",
          "300": "#0F172A",
          "400": "#0F172A",
          "500": "#0F172A",
          "600": "#0F172A",
          "700": "#0F172A",
          "800": "#0F172A",
          "900": "#0F172A"
},
        secondary: {
          "50": "#334155",
          "100": "#334155",
          "200": "#334155",
          "300": "#334155",
          "400": "#334155",
          "500": "#334155",
          "600": "#334155",
          "700": "#334155",
          "800": "#334155",
          "900": "#334155"
},
        neutral: {
          "50": "#020617",
          "100": "#020617",
          "200": "#020617",
          "300": "#020617",
          "400": "#020617",
          "500": "#020617",
          "600": "#020617",
          "700": "#020617",
          "800": "#020617",
          "900": "#020617"
},
        success: {
          "50": "#10b981",
          "100": "#10b981",
          "200": "#10b981",
          "300": "#10b981",
          "400": "#10b981",
          "500": "#10b981",
          "600": "#10b981",
          "700": "#10b981",
          "800": "#10b981",
          "900": "#10b981"
},
        warning: {
          "50": "#f59e0b",
          "100": "#f59e0b",
          "200": "#f59e0b",
          "300": "#f59e0b",
          "400": "#f59e0b",
          "500": "#f59e0b",
          "600": "#f59e0b",
          "700": "#f59e0b",
          "800": "#f59e0b",
          "900": "#f59e0b"
},
        error: {
          "50": "#ef4444",
          "100": "#ef4444",
          "200": "#ef4444",
          "300": "#ef4444",
          "400": "#ef4444",
          "500": "#ef4444",
          "600": "#ef4444",
          "700": "#ef4444",
          "800": "#ef4444",
          "900": "#ef4444"
},
      },
      fontFamily: {
        sans: ["Lexend"],
        serif: ["Source Sans 3"],
        mono: ["Fira Code","Consolas","monospace"],
      },
      spacing: {
        0: '0px',
        1: '4px',
        2: '8px',
        3: '12px',
        4: '16px',
        5: '20px',
        6: '24px',
        7: '32px',
        8: '40px',
        9: '48px',
        10: '64px',
        11: '80px',
        12: '96px',
        13: '128px'
      },
      borderRadius: {
        "none": "0",
        "sm": "0.125rem",
        "md": "0.375rem",
        "lg": "0.5rem",
        "xl": "0.75rem",
        "2xl": "1rem",
        "full": "9999px"
},
      boxShadow: {
        "sm": "0 1px 2px 0 rgb(0 0 0 / 0.05)",
        "md": "0 4px 6px -1px rgb(0 0 0 / 0.1)",
        "lg": "0 10px 15px -3px rgb(0 0 0 / 0.1)",
        "xl": "0 20px 25px -5px rgb(0 0 0 / 0.1)",
        "2xl": "0 25px 50px -12px rgb(0 0 0 / 0.25)"
},
      screens: {
        "sm": "640px",
        "md": "768px",
        "lg": "1024px",
        "xl": "1280px",
        "2xl": "1536px"
},
      zIndex: {
        "dropdown": 1000,
        "sticky": 1020,
        "fixed": 1030,
        "modalBackdrop": 1040,
        "modal": 1050,
        "popover": 1060,
        "tooltip": 1070
},
    },
  },
  plugins: [],
}
```

## CSS Variables 配置

```css
/* styles/variables.css */
:root {
  /* Colors */
  --color-primary: #0F172A;
  --color-secondary: #334155;
  --color-neutral: #020617;
  --color-success: #10b981;
  --color-warning: #f59e0b;
  --color-error: #ef4444;
  
  /* Typography */
  --font-sans: Lexend;
  --font-serif: Source Sans 3;
  --font-mono: Fira Code, Consolas, monospace;
  
  /* Spacing */
  --spacing-base: 4px;
  
  /* Border Radius */
  --radius-sm: 0.125rem;
  --radius-md: 0.375rem;
  --radius-lg: 0.5rem;
  
  /* Shadows */
  --shadow-sm: 0 1px 2px 0 rgb(0 0 0 / 0.05);
  --shadow-md: 0 4px 6px -1px rgb(0 0 0 / 0.1);
  --shadow-lg: 0 10px 15px -3px rgb(0 0 0 / 0.1);
}
```

## React Theme Provider

```typescript
// theme/ThemeProvider.tsx
import React, { createContext, useContext } from 'react';

const theme = {
  "version": "1.0.0",
  "productType": "Government",
  "stack": "html",
  "colors": {
    "primary": {
      "50": "#0F172A",
      "100": "#0F172A",
      "200": "#0F172A",
      "300": "#0F172A",
      "400": "#0F172A",
      "500": "#0F172A",
      "600": "#0F172A",
      "700": "#0F172A",
      "800": "#0F172A",
      "900": "#0F172A"
    },
    "secondary": {
      "50": "#334155",
      "100": "#334155",
      "200": "#334155",
      "300": "#334155",
      "400": "#334155",
      "500": "#334155",
      "600": "#334155",
      "700": "#334155",
      "800": "#334155",
      "900": "#334155"
    },
    "neutral": {
      "50": "#020617",
      "100": "#020617",
      "200": "#020617",
      "300": "#020617",
      "400": "#020617",
      "500": "#020617",
      "600": "#020617",
      "700": "#020617",
      "800": "#020617",
      "900": "#020617"
    },
    "success": {
      "50": "#10b981",
      "100": "#10b981",
      "200": "#10b981",
      "300": "#10b981",
      "400": "#10b981",
      "500": "#10b981",
      "600": "#10b981",
      "700": "#10b981",
      "800": "#10b981",
      "900": "#10b981"
    },
    "warning": {
      "50": "#f59e0b",
      "100": "#f59e0b",
      "200": "#f59e0b",
      "300": "#f59e0b",
      "400": "#f59e0b",
      "500": "#f59e0b",
      "600": "#f59e0b",
      "700": "#f59e0b",
      "800": "#f59e0b",
      "900": "#f59e0b"
    },
    "error": {
      "50": "#ef4444",
      "100": "#ef4444",
      "200": "#ef4444",
      "300": "#ef4444",
      "400": "#ef4444",
      "500": "#ef4444",
      "600": "#ef4444",
      "700": "#ef4444",
      "800": "#ef4444",
      "900": "#ef4444"
    }
  },
  "typography": {
    "fontFamily": {
      "sans": [
        "Lexend"
      ],
      "serif": [
        "Source Sans 3"
      ],
      "mono": [
        "Fira Code",
        "Consolas",
        "monospace"
      ]
    },
    "fontSize": {
      "xs": "0.75rem",
      "sm": "0.875rem",
      "base": "1rem",
      "lg": "1.125rem",
      "xl": "1.25rem",
      "2xl": "1.5rem",
      "3xl": "1.875rem",
      "4xl": "2.25rem",
      "5xl": "3rem"
    },
    "fontWeight": {
      "light": 300,
      "normal": 400,
      "medium": 500,
      "semibold": 600,
      "bold": 700,
      "extrabold": 800
    },
    "lineHeight": {
      "none": "1",
      "tight": "1.25",
      "snug": "1.375",
      "normal": "1.5",
      "relaxed": "1.625",
      "loose": "2"
    }
  },
  "spacing": {
    "base": 4,
    "scale": [
      0,
      4,
      8,
      12,
      16,
      20,
      24,
      32,
      40,
      48,
      64,
      80,
      96,
      128
    ]
  },
  "borderRadius": {
    "none": "0",
    "sm": "0.125rem",
    "md": "0.375rem",
    "lg": "0.5rem",
    "xl": "0.75rem",
    "2xl": "1rem",
    "full": "9999px"
  },
  "shadows": {
    "sm": "0 1px 2px 0 rgb(0 0 0 / 0.05)",
    "md": "0 4px 6px -1px rgb(0 0 0 / 0.1)",
    "lg": "0 10px 15px -3px rgb(0 0 0 / 0.1)",
    "xl": "0 20px 25px -5px rgb(0 0 0 / 0.1)",
    "2xl": "0 25px 50px -12px rgb(0 0 0 / 0.25)"
  },
  "breakpoints": {
    "sm": "640px",
    "md": "768px",
    "lg": "1024px",
    "xl": "1280px",
    "2xl": "1536px"
  },
  "zIndex": {
    "dropdown": 1000,
    "sticky": 1020,
    "fixed": 1030,
    "modalBackdrop": 1040,
    "modal": 1050,
    "popover": 1060,
    "tooltip": 1070
  }
};

const ThemeContext = createContext(theme);

export const ThemeProvider: React.FC<{ children: React.ReactNode }> = ({ children }) => {
  return (
    <ThemeContext.Provider value={theme}>
      {children}
    </ThemeContext.Provider>
  );
};

export const useTheme = () => {
  const context = useContext(ThemeContext);
  if (!context) {
    throw new Error('useTheme must be used within ThemeProvider');
  }
  return context;
};
```

## Vue Theme Plugin

```typescript
// plugins/theme.ts
import { App } from 'vue';

const theme = {
  "version": "1.0.0",
  "productType": "Government",
  "stack": "html",
  "colors": {
    "primary": {
      "50": "#0F172A",
      "100": "#0F172A",
      "200": "#0F172A",
      "300": "#0F172A",
      "400": "#0F172A",
      "500": "#0F172A",
      "600": "#0F172A",
      "700": "#0F172A",
      "800": "#0F172A",
      "900": "#0F172A"
    },
    "secondary": {
      "50": "#334155",
      "100": "#334155",
      "200": "#334155",
      "300": "#334155",
      "400": "#334155",
      "500": "#334155",
      "600": "#334155",
      "700": "#334155",
      "800": "#334155",
      "900": "#334155"
    },
    "neutral": {
      "50": "#020617",
      "100": "#020617",
      "200": "#020617",
      "300": "#020617",
      "400": "#020617",
      "500": "#020617",
      "600": "#020617",
      "700": "#020617",
      "800": "#020617",
      "900": "#020617"
    },
    "success": {
      "50": "#10b981",
      "100": "#10b981",
      "200": "#10b981",
      "300": "#10b981",
      "400": "#10b981",
      "500": "#10b981",
      "600": "#10b981",
      "700": "#10b981",
      "800": "#10b981",
      "900": "#10b981"
    },
    "warning": {
      "50": "#f59e0b",
      "100": "#f59e0b",
      "200": "#f59e0b",
      "300": "#f59e0b",
      "400": "#f59e0b",
      "500": "#f59e0b",
      "600": "#f59e0b",
      "700": "#f59e0b",
      "800": "#f59e0b",
      "900": "#f59e0b"
    },
    "error": {
      "50": "#ef4444",
      "100": "#ef4444",
      "200": "#ef4444",
      "300": "#ef4444",
      "400": "#ef4444",
      "500": "#ef4444",
      "600": "#ef4444",
      "700": "#ef4444",
      "800": "#ef4444",
      "900": "#ef4444"
    }
  },
  "typography": {
    "fontFamily": {
      "sans": [
        "Lexend"
      ],
      "serif": [
        "Source Sans 3"
      ],
      "mono": [
        "Fira Code",
        "Consolas",
        "monospace"
      ]
    },
    "fontSize": {
      "xs": "0.75rem",
      "sm": "0.875rem",
      "base": "1rem",
      "lg": "1.125rem",
      "xl": "1.25rem",
      "2xl": "1.5rem",
      "3xl": "1.875rem",
      "4xl": "2.25rem",
      "5xl": "3rem"
    },
    "fontWeight": {
      "light": 300,
      "normal": 400,
      "medium": 500,
      "semibold": 600,
      "bold": 700,
      "extrabold": 800
    },
    "lineHeight": {
      "none": "1",
      "tight": "1.25",
      "snug": "1.375",
      "normal": "1.5",
      "relaxed": "1.625",
      "loose": "2"
    }
  },
  "spacing": {
    "base": 4,
    "scale": [
      0,
      4,
      8,
      12,
      16,
      20,
      24,
      32,
      40,
      48,
      64,
      80,
      96,
      128
    ]
  },
  "borderRadius": {
    "none": "0",
    "sm": "0.125rem",
    "md": "0.375rem",
    "lg": "0.5rem",
    "xl": "0.75rem",
    "2xl": "1rem",
    "full": "9999px"
  },
  "shadows": {
    "sm": "0 1px 2px 0 rgb(0 0 0 / 0.05)",
    "md": "0 4px 6px -1px rgb(0 0 0 / 0.1)",
    "lg": "0 10px 15px -3px rgb(0 0 0 / 0.1)",
    "xl": "0 20px 25px -5px rgb(0 0 0 / 0.1)",
    "2xl": "0 25px 50px -12px rgb(0 0 0 / 0.25)"
  },
  "breakpoints": {
    "sm": "640px",
    "md": "768px",
    "lg": "1024px",
    "xl": "1280px",
    "2xl": "1536px"
  },
  "zIndex": {
    "dropdown": 1000,
    "sticky": 1020,
    "fixed": 1030,
    "modalBackdrop": 1040,
    "modal": 1050,
    "popover": 1060,
    "tooltip": 1070
  }
};

export default {
  install(app: App) {
    app.config.globalProperties.$theme = theme;
    app.provide('theme', theme);
  }
};

// 使用
import { inject } from 'vue';
const theme = inject('theme');
```

## TypeScript 类型定义

```typescript
// types/theme.ts
export interface Theme {
  version: string;
  productType: string;
  stack?: string;
  colors: {
    primary: Record<string, string>;
    secondary?: Record<string, string>;
    neutral: Record<string, string>;
    success: Record<string, string>;
    warning: Record<string, string>;
    error: Record<string, string>;
  };
  typography: {
    fontFamily: {
      sans: string[];
      serif: string[];
      mono: string[];
    };
    fontSize: Record<string, string>;
    fontWeight: Record<string, number>;
    lineHeight: Record<string, string>;
  };
  spacing: {
    base: number;
    scale: number[];
  };
  borderRadius: Record<string, string>;
  shadows: Record<string, string>;
  breakpoints: Record<string, string>;
  zIndex: Record<string, number>;
}
```

---

**版本**: 1.0.0  
**更新时间**: 2026-01-25

```

---

## 💡 下一步

1. **保存文档**: 将上述内容保存到对应的文件路径
2. **开始开发**: 使用 `start_ui "页面名称"` 生成 UI 组件
3. **查阅规范**: 开发时参考 design-guidelines/ 中的详细规范

所有 UI 组件将自动应用上述设计系统规范。


=== 检查生成的文件 ===

❌ docs/design-system.md (不存在)
❌ docs/design-system.json (不存在)
❌ docs/design-guidelines/01-principles.md (不存在)
❌ docs/design-guidelines/02-interaction.md (不存在)
❌ docs/design-guidelines/03-layout.md (不存在)
❌ docs/design-guidelines/04-config.md (不存在)
❌ docs/design-guidelines/README.md (不存在)

=== ASCII Box 预览 ===

❌ 测试失败: ENOENT: no such file or directory, open 'D:\workspace\github\mcp-probe-kit\docs\design-system.md'
Error: ENOENT: no such file or directory, open 'D:\workspace\github\mcp-probe-kit\docs\design-system.md'
    at Object.readFileSync (node:fs:449:20)
    at testGovernmentDesign (file:///D:/workspace/github/mcp-probe-kit/test-ui-design-system-government.js:50:31)
